[openclassrooms.com/fr/courses/5543061-ecrivez-du-javascript-pour-le-web.html]
[backblue.gif]
[fade.gif]
[index.html]
[openclassrooms.com/fr/courses/5543061/certificate_example.pdf]
[openclassrooms.com/fr/courses/5543061-ecrivez-du-javascript-pour-le-web/5543068-comprenez-ce-quest-le-dom.html]
[openclassrooms.com/fr/courses/5543061-ecrivez-du-javascript-pour-le-web/5577476-accedez-aux-elements-du-dom.html]
[openclassrooms.com/fr/courses/5543061-ecrivez-du-javascript-pour-le-web/5577491-modifiez-le-dom.html]
[openclassrooms.com/fr/courses/5543061-ecrivez-du-javascript-pour-le-web/5578156-ecoutez-des-evenements.html]
[openclassrooms.com/fr/courses/5543061-ecrivez-du-javascript-pour-le-web/5578181-recuperez-des-donnees-utilisateurs-avec-les-evenements.html]
[openclassrooms.com/fr/courses/5543061-ecrivez-du-javascript-pour-le-web/exercises/3133.html]
[openclassrooms.com/fr/courses/5543061-ecrivez-du-javascript-pour-le-web/5577576-comprenez-ce-que-sont-des-api-et-un-service-web.html]
[openclassrooms.com/fr/courses/5543061-ecrivez-du-javascript-pour-le-web/5577591-recuperez-des-donnees-dun-service-web.html]
[openclassrooms.com/fr/courses/5543061-ecrivez-du-javascript-pour-le-web/5577611-validez-les-donnees-saisies-par-vos-utilisateurs.html]
[openclassrooms.com/fr/courses/5543061-ecrivez-du-javascript-pour-le-web/5577626-sauvegardez-des-donnees-sur-le-service-web.html]
[openclassrooms.com/fr/courses/5543061-ecrivez-du-javascript-pour-le-web/exercises/3182.html]
[openclassrooms.com/fr/courses/5543061-ecrivez-du-javascript-pour-le-web/5577651-comprenez-comment-fonctionne-lasynchrone-en-js.html]
[openclassrooms.com/fr/courses/5543061-ecrivez-du-javascript-pour-le-web/5577676-gerez-du-code-asynchrone.html]
[openclassrooms.com/fr/courses/5543061-ecrivez-du-javascript-pour-le-web/5866911-parallelisez-plusieurs-requetes-http.html]
[openclassrooms.com/fr/courses/5543061-ecrivez-du-javascript-pour-le-web/exercises/3197.html]
[openclassrooms.com/fr/courses/5543061-ecrivez-du-javascript-pour-le-web/5577726-optimisez-votre-code.html]
[openclassrooms.com/fr/courses/5543061-ecrivez-du-javascript-pour-le-web/5577746-gerez-vos-dependances.html]
[openclassrooms.com/fr/courses/5543061-ecrivez-du-javascript-pour-le-web/5577766-compilez-et-executez-votre-code.html]
[openclassrooms.com/fr/courses/5543061-ecrivez-du-javascript-pour-le-web/exercises/4097.html]
[openclassrooms.com/fr/courses/1603881-apprenez-a-creer-votre-site-web-avec-html5-et-css3.html]
[openclassrooms.com/fr/courses/5543061-ecrivez-du-javascript-pour-le-web.html]
[openclassrooms.com/fr/courses/6175841-apprenez-a-programmer-avec-javascript.html]
[openclassrooms.com/fr/courses/5543061-ecrivez-du-javascript-pour-le-web/5543068-comprenez-ce-quest-le-dom.html]
[openclassrooms.com/fr/courses/5543061-ecrivez-du-javascript-pour-le-web6f1b.html]
[openclassrooms.com/fr/courses/5543061-ecrivez-du-javascript-pour-le-web/5577476-accedez-aux-elements-du-dom.html]
[openclassrooms.com/fr/courses/5543061-ecrivez-du-javascript-pour-le-web/5577491-modifiez-le-dom.html]
[openclassrooms.com/fr/courses/5543061-ecrivez-du-javascript-pour-le-web/5578156-ecoutez-des-evenements.html]
[openclassrooms.com/fr/courses/5543061-ecrivez-du-javascript-pour-le-web/5578181-recuperez-des-donnees-utilisateurs-avec-les-evenements.html]
[openclassrooms.com/fr/courses/5543061-ecrivez-du-javascript-pour-le-web/exercises/3133.html]
[openclassrooms.com/fr/courses/5543061-ecrivez-du-javascript-pour-le-web/5577576-comprenez-ce-que-sont-des-api-et-un-service-web.html]
[openclassrooms.com/fr/courses/5543061-ecrivez-du-javascript-pour-le-web/5577591-recuperez-des-donnees-dun-service-web.html]
[openclassrooms.com/fr/courses/5543061-ecrivez-du-javascript-pour-le-web/5577611-validez-les-donnees-saisies-par-vos-utilisateurs.html]
[openclassrooms.com/fr/courses/5543061-ecrivez-du-javascript-pour-le-web/5577626-sauvegardez-des-donnees-sur-le-service-web.html]
[openclassrooms.com/fr/courses/5543061-ecrivez-du-javascript-pour-le-web/exercises/3182.html]
[openclassrooms.com/fr/courses/5543061-ecrivez-du-javascript-pour-le-web/5577651-comprenez-comment-fonctionne-lasynchrone-en-js.html]
[openclassrooms.com/fr/courses/5543061-ecrivez-du-javascript-pour-le-web/5577676-gerez-du-code-asynchrone.html]
[openclassrooms.com/fr/courses/5543061-ecrivez-du-javascript-pour-le-web/5866911-parallelisez-plusieurs-requetes-http.html]
[openclassrooms.com/fr/courses/5543061-ecrivez-du-javascript-pour-le-web/exercises/3197.html]
[openclassrooms.com/fr/courses/5543061-ecrivez-du-javascript-pour-le-web/5577726-optimisez-votre-code.html]
[openclassrooms.com/fr/courses/5543061-ecrivez-du-javascript-pour-le-web/5577746-gerez-vos-dependances.html]
[openclassrooms.com/fr/courses/5543061-ecrivez-du-javascript-pour-le-web/5577766-compilez-et-executez-votre-code.html]
[openclassrooms.com/fr/courses/5543061-ecrivez-du-javascript-pour-le-web/exercises/4097.html]
[openclassrooms.com/fr/courses/1603881-apprenez-a-creer-votre-site-web-avec-html5-et-css3/1605060-mettez-en-place-le-css.html]
[openclassrooms.com/fr/courses/1603881/certificate_example.pdf]
[openclassrooms.com/fr/courses/1603881-apprenez-a-creer-votre-site-web-avec-html5-et-css3/1604192-decouvrez-le-fonctionnement-des-sites-web.html]
[openclassrooms.com/fr/courses/1603881-apprenez-a-creer-votre-site-web-avec-html5-et-css3/1604361-creez-votre-premiere-page-web-en-html.html]
[openclassrooms.com/fr/courses/1603881-apprenez-a-creer-votre-site-web-avec-html5-et-css3/1604534-organisez-votre-texte.html]
[openclassrooms.com/fr/courses/1603881-apprenez-a-creer-votre-site-web-avec-html5-et-css3/4004681-pratiquez.html]
[openclassrooms.com/fr/courses/1603881-apprenez-a-creer-votre-site-web-avec-html5-et-css3/1604646-creez-des-liens.html]
[openclassrooms.com/fr/courses/1603881-apprenez-a-creer-votre-site-web-avec-html5-et-css3/1604791-inserez-des-images.html]
[openclassrooms.com/fr/courses/1603881-apprenez-a-creer-votre-site-web-avec-html5-et-css3/6725196-entrainez-vous-en-structurant-votre-cv.html]
[openclassrooms.com/fr/courses/1603881-apprenez-a-creer-votre-site-web-avec-html5-et-css3/1605329-formatez-du-texte.html]
[openclassrooms.com/fr/courses/1603881-apprenez-a-creer-votre-site-web-avec-html5-et-css3/1605551-ajoutez-de-la-couleur-et-un-fond.html]
[openclassrooms.com/fr/courses/1603881-apprenez-a-creer-votre-site-web-avec-html5-et-css3/1605694-creez-des-bordures-et-des-ombres.html]
[openclassrooms.com/fr/courses/1603881-apprenez-a-creer-votre-site-web-avec-html5-et-css3/1605763-creez-des-apparences-dynamiques.html]
[openclassrooms.com/fr/courses/1603881-apprenez-a-creer-votre-site-web-avec-html5-et-css3/4214566-pratiquez.html]
[openclassrooms.com/fr/courses/1603881-apprenez-a-creer-votre-site-web-avec-html5-et-css3/6725256-entrainez-vous-en-mettant-en-forme-votre-cv.html]
[openclassrooms.com/fr/courses/1603881-apprenez-a-creer-votre-site-web-avec-html5-et-css3/exercises/92.html]
[openclassrooms.com/fr/courses/1603881-apprenez-a-creer-votre-site-web-avec-html5-et-css3/1605881-structurez-votre-page.html]
[openclassrooms.com/fr/courses/1603881-apprenez-a-creer-votre-site-web-avec-html5-et-css3/1606168-decouvrez-le-modele-des-boites.html]
[openclassrooms.com/fr/courses/1603881-apprenez-a-creer-votre-site-web-avec-html5-et-css3/3298561-faites-votre-mise-en-page-avec-flexbox.html]
[openclassrooms.com/fr/courses/1603881-apprenez-a-creer-votre-site-web-avec-html5-et-css3/4214576-pratiquez.html]
[openclassrooms.com/fr/courses/1603881-apprenez-a-creer-votre-site-web-avec-html5-et-css3/1606402-decouvrez-dautres-techniques-de-mise-en-page.html]
[openclassrooms.com/fr/courses/1603881-apprenez-a-creer-votre-site-web-avec-html5-et-css3/1606688-tp-creez-un-site-pas-a-pas.html]
[openclassrooms.com/fr/courses/1603881-apprenez-a-creer-votre-site-web-avec-html5-et-css3/6725301-entrainez-vous-en-organisant-votre-cv.html]
[openclassrooms.com/fr/courses/1603881-apprenez-a-creer-votre-site-web-avec-html5-et-css3/exercises/1236.html]
[openclassrooms.com/fr/courses/1603881-apprenez-a-creer-votre-site-web-avec-html5-et-css3/1606851-ajoutez-des-tableaux.html]
[openclassrooms.com/fr/courses/1603881-apprenez-a-creer-votre-site-web-avec-html5-et-css3/1607171-creez-des-formulaires.html]
[openclassrooms.com/fr/courses/1603881-apprenez-a-creer-votre-site-web-avec-html5-et-css3/1607438-enrichissez-votre-site-avec-de-la-video-et-de-laudio.html]
[openclassrooms.com/fr/courses/1603881-apprenez-a-creer-votre-site-web-avec-html5-et-css3/1607616-utilisez-le-responsive-design-avec-les-media-queries.html]
[openclassrooms.com/fr/courses/1603881-apprenez-a-creer-votre-site-web-avec-html5-et-css3/1607717-allez-plus-loin.html]
[openclassrooms.com/fr/courses/1603881-apprenez-a-creer-votre-site-web-avec-html5-et-css3/6725346-entrainez-vous-en-adaptant-votre-cv-en-responsive.html]
[openclassrooms.com/fr/courses/1603881-apprenez-a-creer-votre-site-web-avec-html5-et-css3/exercises/96.html]
[openclassrooms.com/fr/courses/1603881-apprenez-a-creer-votre-site-web-avec-html5-et-css3/1607901-envoyez-votre-site-sur-le-web.html]
[openclassrooms.com/fr/courses/1603881-apprenez-a-creer-votre-site-web-avec-html5-et-css3/1608357-memento-des-balises-html.html]
[openclassrooms.com/fr/courses/1603881-apprenez-a-creer-votre-site-web-avec-html5-et-css3.html]
[openclassrooms.com/fr/courses/1603881-apprenez-a-creer-votre-site-web-avec-html5-et-css3/1608902-memento-des-proprietes-css.html]
[openclassrooms.com/fr/courses/6175841/certificate_example.pdf]
[openclassrooms.com/fr/courses/6175841-apprenez-a-programmer-avec-javascript/6278291-tirez-un-maximum-de-ce-cours.html]
[openclassrooms.com/fr/courses/6175841-apprenez-a-programmer-avec-javascript/6278392-declarez-des-variables-et-modifiez-leurs-valeurs.html]
[openclassrooms.com/fr/courses/6175841-apprenez-a-programmer-avec-javascript/6278450-enregistrez-vos-donnees-avec-des-types-de-donnees.html]
[openclassrooms.com/fr/courses/6175841-apprenez-a-programmer-avec-javascript/6278564-definissez-des-objets-et-leurs-attributs-avec-des-classes.html]
[openclassrooms.com/fr/courses/6175841-apprenez-a-programmer-avec-javascript/6278664-regroupez-vos-donnees-avec-les-tableaux-et-les-objets.html]
[openclassrooms.com/fr/courses/6175841-apprenez-a-programmer-avec-javascript/6278676-resume-de-la-partie-1.html]
[openclassrooms.com/fr/courses/6175841-apprenez-a-programmer-avec-javascript/exercises/3497.html]
[openclassrooms.com/fr/courses/6175841-apprenez-a-programmer-avec-javascript/6278709-executez-du-javascript-facilement.html]
[openclassrooms.com/fr/courses/6175841-apprenez-a-programmer-avec-javascript/6278948-choisissez-la-condition-appropriee-pour-controler-le-deroulement-de-votre-programme-if-else-switch.html]
[openclassrooms.com/fr/courses/6175841-apprenez-a-programmer-avec-javascript/6279104-utilisez-la-bonne-boucle-pour-repeter-les-taches-for-while.html]
[openclassrooms.com/fr/courses/6175841-apprenez-a-programmer-avec-javascript/6279176-gerez-des-erreurs-et-des-exceptions-dans-votre-programme.html]
[openclassrooms.com/fr/courses/6175841-apprenez-a-programmer-avec-javascript/6279188-resume-de-la-partie-2.html]
[openclassrooms.com/fr/courses/6175841-apprenez-a-programmer-avec-javascript/exercises/3498.html]
[openclassrooms.com/fr/courses/6175841-apprenez-a-programmer-avec-javascript/6279223-travaillez-sur-les-fonctions.html]
[openclassrooms.com/fr/courses/6175841-apprenez-a-programmer-avec-javascript/6279381-definissez-des-methodes-dinstance-et-des-proprietes.html]
[openclassrooms.com/fr/courses/6175841-apprenez-a-programmer-avec-javascript/6279785-ecrivez-des-fonctions-propres.html]
[openclassrooms.com/fr/courses/6175841-apprenez-a-programmer-avec-javascript/6279919-testez-quune-fonction-fait-ce-quelle-dit.html]
[openclassrooms.com/fr/courses/6175841-apprenez-a-programmer-avec-javascript/6279979-deboguez-votre-fonction.html]
[openclassrooms.com/fr/courses/6175841-apprenez-a-programmer-avec-javascript/6280087-decouvrez-la-recursivite-lappel-de-fonctions-a-linterieur-delles-memes.html]
[openclassrooms.com/fr/courses/6175841-apprenez-a-programmer-avec-javascript/6280101-resume-de-la-partie-3.html]
[openclassrooms.com/fr/courses/6175841-apprenez-a-programmer-avec-javascript/exercises/3801.html]
[openclassrooms.com/fr/courses/6175841-apprenez-a-programmer-avec-javascript/6280131-resume-du-cours.html]
[openclassrooms.com/fr/courses/6175841-apprenez-a-programmer-avec-javascript.html]
[openclassrooms.com/fr/courses/5543061-ecrivez-du-javascript-pour-le-web6f1b.html]
[openclassrooms.com/fr/courses/4366701-decouvrez-le-fonctionnement-des-algorithmes.html]
[openclassrooms.com/fr/courses/1603881-apprenez-a-creer-votre-site-web-avec-html5-et-css3/1605060-mettez-en-place-le-css.html]
[openclassrooms.com/fr/courses/1603881-apprenez-a-creer-votre-site-web-avec-html5-et-css3/1604192-decouvrez-le-fonctionnement-des-sites-web.html]
[openclassrooms.com/fr/courses/1603881-apprenez-a-creer-votre-site-web-avec-html5-et-css3/1604361-creez-votre-premiere-page-web-en-html.html]
[openclassrooms.com/fr/courses/1603881-apprenez-a-creer-votre-site-web-avec-html5-et-css3/1604534-organisez-votre-texte.html]
[openclassrooms.com/fr/courses/1603881-apprenez-a-creer-votre-site-web-avec-html5-et-css3/4004681-pratiquez.html]
[openclassrooms.com/fr/courses/1603881-apprenez-a-creer-votre-site-web-avec-html5-et-css3/1604646-creez-des-liens.html]
[openclassrooms.com/fr/courses/1603881-apprenez-a-creer-votre-site-web-avec-html5-et-css3/1604791-inserez-des-images.html]
[openclassrooms.com/fr/courses/1603881-apprenez-a-creer-votre-site-web-avec-html5-et-css3/6725196-entrainez-vous-en-structurant-votre-cv.html]
[openclassrooms.com/fr/courses/1603881-apprenez-a-creer-votre-site-web-avec-html5-et-css3/1605329-formatez-du-texte.html]
[openclassrooms.com/fr/courses/1603881-apprenez-a-creer-votre-site-web-avec-html5-et-css3/1605551-ajoutez-de-la-couleur-et-un-fond.html]
[openclassrooms.com/fr/courses/1603881-apprenez-a-creer-votre-site-web-avec-html5-et-css3/1605694-creez-des-bordures-et-des-ombres.html]
[openclassrooms.com/fr/courses/1603881-apprenez-a-creer-votre-site-web-avec-html5-et-css3/1605763-creez-des-apparences-dynamiques.html]
[openclassrooms.com/fr/courses/1603881-apprenez-a-creer-votre-site-web-avec-html5-et-css3/4214566-pratiquez.html]
[openclassrooms.com/fr/courses/1603881-apprenez-a-creer-votre-site-web-avec-html5-et-css3/6725256-entrainez-vous-en-mettant-en-forme-votre-cv.html]
[openclassrooms.com/fr/courses/1603881-apprenez-a-creer-votre-site-web-avec-html5-et-css3/exercises/92.html]
[openclassrooms.com/fr/courses/1603881-apprenez-a-creer-votre-site-web-avec-html5-et-css3/1605881-structurez-votre-page.html]
[openclassrooms.com/fr/courses/1603881-apprenez-a-creer-votre-site-web-avec-html5-et-css3/1606168-decouvrez-le-modele-des-boites.html]
[openclassrooms.com/fr/courses/1603881-apprenez-a-creer-votre-site-web-avec-html5-et-css3/3298561-faites-votre-mise-en-page-avec-flexbox.html]
[openclassrooms.com/fr/courses/1603881-apprenez-a-creer-votre-site-web-avec-html5-et-css3/4214576-pratiquez.html]
[openclassrooms.com/fr/courses/1603881-apprenez-a-creer-votre-site-web-avec-html5-et-css3/1606402-decouvrez-dautres-techniques-de-mise-en-page.html]
[openclassrooms.com/fr/courses/1603881-apprenez-a-creer-votre-site-web-avec-html5-et-css3/1606688-tp-creez-un-site-pas-a-pas.html]
[openclassrooms.com/fr/courses/1603881-apprenez-a-creer-votre-site-web-avec-html5-et-css3/6725301-entrainez-vous-en-organisant-votre-cv.html]
[openclassrooms.com/fr/courses/1603881-apprenez-a-creer-votre-site-web-avec-html5-et-css3/exercises/1236.html]
[openclassrooms.com/fr/courses/1603881-apprenez-a-creer-votre-site-web-avec-html5-et-css3/1606851-ajoutez-des-tableaux.html]
[openclassrooms.com/fr/courses/1603881-apprenez-a-creer-votre-site-web-avec-html5-et-css3/1607171-creez-des-formulaires.html]
[openclassrooms.com/fr/courses/1603881-apprenez-a-creer-votre-site-web-avec-html5-et-css3/1607438-enrichissez-votre-site-avec-de-la-video-et-de-laudio.html]
[openclassrooms.com/fr/courses/1603881-apprenez-a-creer-votre-site-web-avec-html5-et-css3/1607616-utilisez-le-responsive-design-avec-les-media-queries.html]
[openclassrooms.com/fr/courses/1603881-apprenez-a-creer-votre-site-web-avec-html5-et-css36f1b.html]
[openclassrooms.com/fr/courses/1603881-apprenez-a-creer-votre-site-web-avec-html5-et-css3/1607717-allez-plus-loin.html]
[openclassrooms.com/fr/courses/1603881-apprenez-a-creer-votre-site-web-avec-html5-et-css3/6725346-entrainez-vous-en-adaptant-votre-cv-en-responsive.html]
[openclassrooms.com/fr/courses/1603881-apprenez-a-creer-votre-site-web-avec-html5-et-css3/exercises/96.html]
[openclassrooms.com/fr/courses/1603881-apprenez-a-creer-votre-site-web-avec-html5-et-css3/1607901-envoyez-votre-site-sur-le-web.html]
[openclassrooms.com/fr/courses/1603881-apprenez-a-creer-votre-site-web-avec-html5-et-css3/1608357-memento-des-balises-html.html]
[openclassrooms.com/fr/courses/1603881-apprenez-a-creer-votre-site-web-avec-html5-et-css3/1608902-memento-des-proprietes-css.html]
[openclassrooms.com/fr/courses/6175841-apprenez-a-programmer-avec-javascript/6278291-tirez-un-maximum-de-ce-cours.html]
[openclassrooms.com/fr/courses/6175841-apprenez-a-programmer-avec-javascript6f1b.html]
[openclassrooms.com/fr/courses/6175841-apprenez-a-programmer-avec-javascript/6278392-declarez-des-variables-et-modifiez-leurs-valeurs.html]
[openclassrooms.com/fr/courses/6175841-apprenez-a-programmer-avec-javascript/6278450-enregistrez-vos-donnees-avec-des-types-de-donnees.html]
[openclassrooms.com/fr/courses/6175841-apprenez-a-programmer-avec-javascript/6278564-definissez-des-objets-et-leurs-attributs-avec-des-classes.html]
[openclassrooms.com/fr/courses/6175841-apprenez-a-programmer-avec-javascript/6278664-regroupez-vos-donnees-avec-les-tableaux-et-les-objets.html]
[openclassrooms.com/fr/courses/6175841-apprenez-a-programmer-avec-javascript/6278676-resume-de-la-partie-1.html]
[openclassrooms.com/fr/courses/6175841-apprenez-a-programmer-avec-javascript/exercises/3497.html]
[openclassrooms.com/fr/courses/6175841-apprenez-a-programmer-avec-javascript/6278709-executez-du-javascript-facilement.html]
[openclassrooms.com/fr/courses/6175841-apprenez-a-programmer-avec-javascript/6278948-choisissez-la-condition-appropriee-pour-controler-le-deroulement-de-votre-programme-if-else-switch.html]
[openclassrooms.com/fr/courses/6175841-apprenez-a-programmer-avec-javascript/6279104-utilisez-la-bonne-boucle-pour-repeter-les-taches-for-while.html]
[openclassrooms.com/fr/courses/6175841-apprenez-a-programmer-avec-javascript/6279176-gerez-des-erreurs-et-des-exceptions-dans-votre-programme.html]
[openclassrooms.com/fr/courses/6175841-apprenez-a-programmer-avec-javascript/6279188-resume-de-la-partie-2.html]
[openclassrooms.com/fr/courses/6175841-apprenez-a-programmer-avec-javascript/exercises/3498.html]
[openclassrooms.com/fr/courses/6175841-apprenez-a-programmer-avec-javascript/6279223-travaillez-sur-les-fonctions.html]
[openclassrooms.com/fr/courses/6175841-apprenez-a-programmer-avec-javascript/6279381-definissez-des-methodes-dinstance-et-des-proprietes.html]
[openclassrooms.com/fr/courses/6175841-apprenez-a-programmer-avec-javascript/6279785-ecrivez-des-fonctions-propres.html]
[openclassrooms.com/fr/courses/6175841-apprenez-a-programmer-avec-javascript/6279919-testez-quune-fonction-fait-ce-quelle-dit.html]
[openclassrooms.com/fr/courses/3504461-testez-linterface-de-votre-site.html]
[openclassrooms.com/fr/courses/6175841-apprenez-a-programmer-avec-javascript/6279979-deboguez-votre-fonction.html]
[openclassrooms.com/fr/courses/6175841-apprenez-a-programmer-avec-javascript/6280087-decouvrez-la-recursivite-lappel-de-fonctions-a-linterieur-delles-memes.html]
[openclassrooms.com/fr/courses/6175841-apprenez-a-programmer-avec-javascript/6280101-resume-de-la-partie-3.html]
[openclassrooms.com/fr/courses/6175841-apprenez-a-programmer-avec-javascript/exercises/3801.html]
[openclassrooms.com/fr/courses/6175841-apprenez-a-programmer-avec-javascript/6280131-resume-du-cours.html]
[openclassrooms.com/fr/courses/5641796-adoptez-visual-studio-comme-environnement-de-developpement.html]
[openclassrooms.com/fr/courses/4366701/certificate_example.pdf]
[openclassrooms.com/fr/courses/4366701-decouvrez-le-fonctionnement-des-algorithmes/4384756-tirez-pleinement-parti-de-ce-cours.html]
[openclassrooms.com/fr/courses/4366701-decouvrez-le-fonctionnement-des-algorithmes/4384797-decouvrez-linteret-des-algorithmes.html]
[openclassrooms.com/fr/courses/4366701-decouvrez-le-fonctionnement-des-algorithmes/4384884-posez-les-fondations.html]
[openclassrooms.com/fr/courses/4366701-decouvrez-le-fonctionnement-des-algorithmes/4384913-ajoutez-une-boucle.html]
[openclassrooms.com/fr/courses/4366701-decouvrez-le-fonctionnement-des-algorithmes/4384937-decouvrez-les-structures-conditionnelles.html]
[openclassrooms.com/fr/courses/4366701-decouvrez-le-fonctionnement-des-algorithmes/exercises/1619.html]
[openclassrooms.com/fr/courses/4366701-decouvrez-le-fonctionnement-des-algorithmes/4384952-decouvrez-les-types-de-donnees-les-plus-frequents.html]
[openclassrooms.com/fr/courses/4366701-decouvrez-le-fonctionnement-des-algorithmes/4385034-agencez-les-informations-entre-elles.html]
[openclassrooms.com/fr/courses/4366701-decouvrez-le-fonctionnement-des-algorithmes/4385096-decouvrez-les-piles-et-les-files.html]
[openclassrooms.com/fr/courses/4366701-decouvrez-le-fonctionnement-des-algorithmes/4385117-familiarisez-vous-avec-les-arbres.html]
[openclassrooms.com/fr/courses/4366701-decouvrez-le-fonctionnement-des-algorithmes/exercises/1620.html]
[openclassrooms.com/fr/courses/4366701-decouvrez-le-fonctionnement-des-algorithmes/4385150-triez-des-informations.html]
[openclassrooms.com/fr/courses/4366701-decouvrez-le-fonctionnement-des-algorithmes/4420551-comprenez-la-complexite-algorithmique.html]
[openclassrooms.com/fr/courses/4366701-decouvrez-le-fonctionnement-des-algorithmes/4385343-voyez-le-monde-autrement-avec-la-recursivite.html]
[openclassrooms.com/fr/courses/4366701-decouvrez-le-fonctionnement-des-algorithmes/4385470-codez-lalgorithme-en-python.html]
[openclassrooms.com/fr/courses/4366701-decouvrez-le-fonctionnement-des-algorithmes/4385496-plongez-dans-le-monde-des-algorithmes.html]
[openclassrooms.com/fr/courses/4366701-decouvrez-le-fonctionnement-des-algorithmes.html]
[openclassrooms.com/fr/courses/1603881-apprenez-a-creer-votre-site-web-avec-html5-et-css36f1b.html]
[openclassrooms.com/fr/courses/3149156-initiez-vous-a-ruby-on-rails.html]
[openclassrooms.com/fr/courses/6175841-apprenez-a-programmer-avec-javascript6f1b.html]
[openclassrooms.com/fr/courses/4366701-decouvrez-le-fonctionnement-des-algorithmes/exercises/1621.html]
[openclassrooms.com/fr/courses/3504461/certificate_example.pdf]
[openclassrooms.com/fr/courses/3504461-testez-linterface-de-votre-site/4270561-pourquoi-ecrire-des-tests.html]
[openclassrooms.com/fr/courses/3504461-testez-linterface-de-votre-site/4270566-apprenez-le-behavior-driven-development-bdd.html]
[openclassrooms.com/fr/courses/3504461-testez-linterface-de-votre-site/4270571-apprenez-le-test-driven-development-tdd.html]
[openclassrooms.com/fr/courses/3504461-testez-linterface-de-votre-site/exercises/1780.html]
[openclassrooms.com/fr/courses/3504461-testez-linterface-de-votre-site/4270581-definissez-des-suites-et-des-specifications.html]
[openclassrooms.com/fr/courses/3504461-testez-linterface-de-votre-site/4270591-gerez-des-resultats-attendus.html]
[openclassrooms.com/fr/courses/3504461-testez-linterface-de-votre-site/4270601-preparez-et-lancez-des-tests.html]
[openclassrooms.com/fr/courses/3504461-testez-linterface-de-votre-site.html]
[openclassrooms.com/fr/courses/3504461-testez-linterface-de-votre-site/6777561-entrainez-vous-a-creer-un-magasin-de-bonbons.html]
[openclassrooms.com/fr/courses/5641796/certificate_example.pdf]
[openclassrooms.com/fr/courses/5641796-adoptez-visual-studio-comme-environnement-de-developpement/5641803-et-si-je-nutilise-pas-dide.html]
[openclassrooms.com/fr/courses/5641796-adoptez-visual-studio-comme-environnement-de-developpement/6140156-simplifiez-votre-developpement-avec-un-editeur-de-code.html]
[openclassrooms.com/fr/courses/5641796-adoptez-visual-studio-comme-environnement-de-developpement/6140251-decouvrez-les-avantages-dun-ide-complet.html]
[openclassrooms.com/fr/courses/5641796-adoptez-visual-studio-comme-environnement-de-developpement/6140351-choisissez-ledition-adaptee-a-votre-besoin.html]
[openclassrooms.com/fr/courses/5641796-adoptez-visual-studio-comme-environnement-de-developpement/exercises/3401.html]
[openclassrooms.com/fr/courses/5641796-adoptez-visual-studio-comme-environnement-de-developpement/6140416-telechargez-et-installez-visual-studio-community.html]
[openclassrooms.com/fr/courses/5641796-adoptez-visual-studio-comme-environnement-de-developpement/6140451-decouvrez-linterface-graphique-de-visual-studio.html]
[openclassrooms.com/fr/courses/5641796-adoptez-visual-studio-comme-environnement-de-developpement/6140506-creez-votre-premier-projet-avec-visual-studio.html]
[openclassrooms.com/fr/courses/5641796-adoptez-visual-studio-comme-environnement-de-developpement/6140546-personnalisez-votre-environnement-de-developpement.html]
[openclassrooms.com/fr/courses/5641796-adoptez-visual-studio-comme-environnement-de-developpement/6140631-utilisez-les-raccourcis-pour-etre-plus-efficace.html]
[openclassrooms.com/fr/courses/5641796-adoptez-visual-studio-comme-environnement-de-developpement/exercises/3419.html]
[openclassrooms.com/fr/courses/5641796-adoptez-visual-studio-comme-environnement-de-developpement/6140726-clonez-une-application-existante.html]
[openclassrooms.com/fr/courses/5641796-adoptez-visual-studio-comme-environnement-de-developpement/6140931-gerez-les-conflits-avec-git.html]
[openclassrooms.com/fr/courses/5641796-adoptez-visual-studio-comme-environnement-de-developpement/6140961-envoyez-votre-code-vers-le-serveur.html]
[openclassrooms.com/fr/courses/5641796-adoptez-visual-studio-comme-environnement-de-developpement/exercises/3421.html]
[openclassrooms.com/fr/courses/5641796-adoptez-visual-studio-comme-environnement-de-developpement.html]
[openclassrooms.com/fr/courses/5641796-adoptez-visual-studio-comme-environnement-de-developpement/7225996-et-si-je-nutilise-pas-dide-annexe.html]
[openclassrooms.com/fr/courses/4366701-decouvrez-le-fonctionnement-des-algorithmes/4384756-tirez-pleinement-parti-de-ce-cours.html]
[openclassrooms.com/fr/courses/4366701-decouvrez-le-fonctionnement-des-algorithmes/4384797-decouvrez-linteret-des-algorithmes.html]
[openclassrooms.com/fr/courses/4366701-decouvrez-le-fonctionnement-des-algorithmes/4384884-posez-les-fondations.html]
[openclassrooms.com/fr/courses/4366701-decouvrez-le-fonctionnement-des-algorithmes/4384913-ajoutez-une-boucle.html]
[openclassrooms.com/fr/courses/4366701-decouvrez-le-fonctionnement-des-algorithmes/4384937-decouvrez-les-structures-conditionnelles.html]
[openclassrooms.com/fr/courses/4366701-decouvrez-le-fonctionnement-des-algorithmes/exercises/1619.html]
[openclassrooms.com/fr/courses/4366701-decouvrez-le-fonctionnement-des-algorithmes/4384952-decouvrez-les-types-de-donnees-les-plus-frequents.html]
[openclassrooms.com/fr/courses/4366701-decouvrez-le-fonctionnement-des-algorithmes/4385034-agencez-les-informations-entre-elles.html]
[openclassrooms.com/fr/courses/4366701-decouvrez-le-fonctionnement-des-algorithmes/4385096-decouvrez-les-piles-et-les-files.html]
[openclassrooms.com/fr/courses/4366701-decouvrez-le-fonctionnement-des-algorithmes/4385117-familiarisez-vous-avec-les-arbres.html]
[openclassrooms.com/fr/courses/4366701-decouvrez-le-fonctionnement-des-algorithmes/exercises/1620.html]
[openclassrooms.com/fr/courses/4366701-decouvrez-le-fonctionnement-des-algorithmes/4385150-triez-des-informations.html]
[openclassrooms.com/fr/courses/4366701-decouvrez-le-fonctionnement-des-algorithmes/4420551-comprenez-la-complexite-algorithmique.html]
[openclassrooms.com/fr/courses/4366701-decouvrez-le-fonctionnement-des-algorithmes/4385343-voyez-le-monde-autrement-avec-la-recursivite.html]
[openclassrooms.com/fr/courses/4366701-decouvrez-le-fonctionnement-des-algorithmes/4385470-codez-lalgorithme-en-python.html]
[openclassrooms.com/fr/courses/4366701-decouvrez-le-fonctionnement-des-algorithmes/4385496-plongez-dans-le-monde-des-algorithmes.html]
[openclassrooms.com/fr/courses/4366701-decouvrez-le-fonctionnement-des-algorithmes/exercises/1621.html]
[openclassrooms.com/fr/courses/4366701-decouvrez-le-fonctionnement-des-algorithmes6f1b.html]
[openclassrooms.com/fr/courses/3504461-testez-linterface-de-votre-site/4270561-pourquoi-ecrire-des-tests.html]
[openclassrooms.com/fr/courses/3504461-testez-linterface-de-votre-site/4270566-apprenez-le-behavior-driven-development-bdd.html]
[openclassrooms.com/fr/courses/3504461-testez-linterface-de-votre-site/4270571-apprenez-le-test-driven-development-tdd.html]
[openclassrooms.com/fr/courses/3504461-testez-linterface-de-votre-site/exercises/1780.html]
[openclassrooms.com/fr/courses/3504461-testez-linterface-de-votre-site/4270581-definissez-des-suites-et-des-specifications.html]
[openclassrooms.com/fr/courses/3504461-testez-linterface-de-votre-site/4270591-gerez-des-resultats-attendus.html]
[openclassrooms.com/fr/courses/3504461-testez-linterface-de-votre-site/4270601-preparez-et-lancez-des-tests.html]
[openclassrooms.com/fr/courses/3504461-testez-linterface-de-votre-site/6777561-entrainez-vous-a-creer-un-magasin-de-bonbons.html]
[openclassrooms.com/fr/courses/3504461-testez-linterface-de-votre-site6f1b.html]
[openclassrooms.com/fr/courses/5641796-adoptez-visual-studio-comme-environnement-de-developpement6f1b.html]
[openclassrooms.com/fr/courses/5641796-adoptez-visual-studio-comme-environnement-de-developpement/5641803-et-si-je-nutilise-pas-dide.html]
[openclassrooms.com/fr/courses/5641796-adoptez-visual-studio-comme-environnement-de-developpement/6140156-simplifiez-votre-developpement-avec-un-editeur-de-code.html]
[openclassrooms.com/fr/courses/5641796-adoptez-visual-studio-comme-environnement-de-developpement/6140251-decouvrez-les-avantages-dun-ide-complet.html]
[openclassrooms.com/fr/courses/5641796-adoptez-visual-studio-comme-environnement-de-developpement/6140351-choisissez-ledition-adaptee-a-votre-besoin.html]
[openclassrooms.com/fr/courses/5641796-adoptez-visual-studio-comme-environnement-de-developpement/exercises/3401.html]
[openclassrooms.com/fr/courses/5641796-adoptez-visual-studio-comme-environnement-de-developpement/6140416-telechargez-et-installez-visual-studio-community.html]
[openclassrooms.com/fr/courses/5641796-adoptez-visual-studio-comme-environnement-de-developpement/6140451-decouvrez-linterface-graphique-de-visual-studio.html]
[openclassrooms.com/fr/courses/5641796-adoptez-visual-studio-comme-environnement-de-developpement/6140506-creez-votre-premier-projet-avec-visual-studio.html]
[openclassrooms.com/fr/courses/5641796-adoptez-visual-studio-comme-environnement-de-developpement/6140546-personnalisez-votre-environnement-de-developpement.html]
[openclassrooms.com/fr/courses/5641796-adoptez-visual-studio-comme-environnement-de-developpement/6140631-utilisez-les-raccourcis-pour-etre-plus-efficace.html]
[openclassrooms.com/fr/courses/5641796-adoptez-visual-studio-comme-environnement-de-developpement/exercises/3419.html]
[openclassrooms.com/fr/courses/5641796-adoptez-visual-studio-comme-environnement-de-developpement/6140726-clonez-une-application-existante.html]
[openclassrooms.com/fr/courses/5641796-adoptez-visual-studio-comme-environnement-de-developpement/6140931-gerez-les-conflits-avec-git.html]
[openclassrooms.com/fr/courses/5559091-deboguez-vos-applications-c.html]
[openclassrooms.com/fr/courses/5641796-adoptez-visual-studio-comme-environnement-de-developpement/6140961-envoyez-votre-code-vers-le-serveur.html]
[openclassrooms.com/fr/courses/5641796-adoptez-visual-studio-comme-environnement-de-developpement/exercises/3421.html]
[openclassrooms.com/fr/courses/5641796-adoptez-visual-studio-comme-environnement-de-developpement/7225996-et-si-je-nutilise-pas-dide-annexe.html]
[openclassrooms.com/fr/courses/4366701-decouvrez-le-fonctionnement-des-algorithmes6f1b.html]
[openclassrooms.com/fr/courses/3504461-testez-linterface-de-votre-site6f1b.html]
[openclassrooms.com/fr/courses/5641796-adoptez-visual-studio-comme-environnement-de-developpement6f1b.html]
[openclassrooms.com/fr/courses/5641591-testez-votre-application-c.html]
[openclassrooms.com/fr/courses/5559091/certificate_example.pdf]
[openclassrooms.com/fr/courses/5559091-deboguez-vos-applications-c/5575111-decouvrez-la-problematique-de-debogage-de-code.html]
[openclassrooms.com/fr/courses/5559091-deboguez-vos-applications-c/5579931-preparez-votre-environnement-de-cours.html]
[openclassrooms.com/fr/courses/5559091-deboguez-vos-applications-c/5566652-arretez-vous-sur-la-bonne-exception.html]
[openclassrooms.com/fr/courses/5559091-deboguez-vos-applications-c/5566654-mettez-en-place-des-points-darret.html]
[openclassrooms.com/fr/courses/5559091-deboguez-vos-applications-c/5566656-definissez-des-points-darret-conditionnels.html]
[openclassrooms.com/fr/courses/5559091-deboguez-vos-applications-c/5571928-controlez-lexecution-du-code.html]
[openclassrooms.com/fr/courses/5559091-deboguez-vos-applications-c/5591716-fixez-enfin-ce-bug.html]
[openclassrooms.com/fr/courses/5559091-deboguez-vos-applications-c/exercises/3093.html]
[openclassrooms.com/fr/courses/5559091-deboguez-vos-applications-c/5566662-gerez-les-donnees-dans-le-panneau-locals.html]
[openclassrooms.com/fr/courses/5559091-deboguez-vos-applications-c/5566664-choisissez-laffichage-des-valeurs-de-vos-types.html]
[openclassrooms.com/fr/courses/5559091-deboguez-vos-applications-c/5566666-surveillez-vos-donnees-avec-les-panneaux-watch.html]
[openclassrooms.com/fr/courses/5559091-deboguez-vos-applications-c/5566673-modifiez-directement-la-valeur-des-donnees.html]
[openclassrooms.com/fr/courses/5559091-deboguez-vos-applications-c.html]
[openclassrooms.com/fr/courses/5559091-deboguez-vos-applications-c/exercises/3094.html]
[openclassrooms.com/fr/courses/5641591/certificate_example.pdf]
[openclassrooms.com/fr/courses/5641591-testez-votre-application-c/5641598-pourquoi-tester-son-application.html]
[openclassrooms.com/fr/courses/5641591-testez-votre-application-c/5654966-identifiez-les-differents-types-de-tests.html]
[openclassrooms.com/fr/courses/5641591-testez-votre-application-c/5656581-decouvrez-les-principes-du-test-driven-development-tdd.html]
[openclassrooms.com/fr/courses/5641591-testez-votre-application-c/5656591-gerez-vos-dependances.html]
[openclassrooms.com/fr/courses/5641591-testez-votre-application-c/5656601-comment-ecrire-un-test-qui-apporte-de-la-valeur.html]
[openclassrooms.com/fr/courses/5641591-testez-votre-application-c/exercises/3128.html]
[openclassrooms.com/fr/courses/5641591-testez-votre-application-c/5696216-ecrivez-votre-premier-test-unitaire-naif.html]
[openclassrooms.com/fr/courses/5641591-testez-votre-application-c/5791126-les-principes-dun-framework-de-test.html]
[openclassrooms.com/fr/courses/5641591-testez-votre-application-c/5696226-utilisez-le-framework-de-test-mstest.html]
[openclassrooms.com/fr/courses/5641591-testez-votre-application-c/5696236-decouvrez-les-assertions.html]
[openclassrooms.com/fr/courses/5641591-testez-votre-application-c/5791236-creez-un-faux-objet-pour-simuler-des-comportements.html]
[openclassrooms.com/fr/courses/5641591-testez-votre-application-c/5696246-utilisez-le-framework-de-simulacre-moq.html]
[openclassrooms.com/fr/courses/5641591-testez-votre-application-c/6777966-entrainez-vous-a-utiliser-les-tests-pour-detecter-un-probleme-dans-une-application.html]
[openclassrooms.com/fr/courses/5641591-testez-votre-application-c/exercises/3129.html]
[openclassrooms.com/fr/courses/5641591-testez-votre-application-c/5748021-mesurez-la-couverture-de-vos-tests.html]
[openclassrooms.com/fr/courses/5641591-testez-votre-application-c/5748031-testez-l-acces-a-la-base-de-donnees.html]
[openclassrooms.com/fr/courses/5641591-testez-votre-application-c/5791376-les-solutions-au-probleme-de-la-base-de-donnees.html]
[openclassrooms.com/fr/courses/5641591-testez-votre-application-c/5748041-testez-des-services-web.html]
[openclassrooms.com/fr/courses/5641591-testez-votre-application-c.html]
[openclassrooms.com/fr/courses/5641591-testez-votre-application-c/exercises/3177.html]
[openclassrooms.com/fr/courses/5559091-deboguez-vos-applications-c/5575111-decouvrez-la-problematique-de-debogage-de-code.html]
[openclassrooms.com/fr/courses/5559091-deboguez-vos-applications-c/5579931-preparez-votre-environnement-de-cours.html]
[openclassrooms.com/fr/courses/5559091-deboguez-vos-applications-c/5566652-arretez-vous-sur-la-bonne-exception.html]
[openclassrooms.com/fr/courses/5559091-deboguez-vos-applications-c/5566654-mettez-en-place-des-points-darret.html]
[openclassrooms.com/fr/courses/5559091-deboguez-vos-applications-c/5566656-definissez-des-points-darret-conditionnels.html]
[openclassrooms.com/fr/courses/5559091-deboguez-vos-applications-c/5571928-controlez-lexecution-du-code.html]
[openclassrooms.com/fr/courses/5559091-deboguez-vos-applications-c/5591716-fixez-enfin-ce-bug.html]
[openclassrooms.com/fr/courses/5559091-deboguez-vos-applications-c/exercises/3093.html]
[openclassrooms.com/fr/courses/5559091-deboguez-vos-applications-c/5566662-gerez-les-donnees-dans-le-panneau-locals.html]
[openclassrooms.com/fr/courses/5559091-deboguez-vos-applications-c/5566664-choisissez-laffichage-des-valeurs-de-vos-types.html]
[openclassrooms.com/fr/courses/5559091-deboguez-vos-applications-c/5566666-surveillez-vos-donnees-avec-les-panneaux-watch.html]
[openclassrooms.com/fr/courses/5559091-deboguez-vos-applications-c/5566673-modifiez-directement-la-valeur-des-donnees.html]
[openclassrooms.com/fr/courses/5559091-deboguez-vos-applications-c/exercises/3094.html]
[openclassrooms.com/fr/courses/5559091-deboguez-vos-applications-c6f1b.html]
[openclassrooms.com/fr/courses/5641591-testez-votre-application-c/5641598-pourquoi-tester-son-application.html]
[openclassrooms.com/fr/courses/5641591-testez-votre-application-c/5654966-identifiez-les-differents-types-de-tests.html]
[openclassrooms.com/fr/courses/5641591-testez-votre-application-c/5656581-decouvrez-les-principes-du-test-driven-development-tdd.html]
[openclassrooms.com/fr/courses/5641591-testez-votre-application-c/5656591-gerez-vos-dependances.html]
[openclassrooms.com/fr/courses/5641591-testez-votre-application-c/5656601-comment-ecrire-un-test-qui-apporte-de-la-valeur.html]
[openclassrooms.com/fr/courses/5641591-testez-votre-application-c/exercises/3128.html]
[openclassrooms.com/fr/courses/5641591-testez-votre-application-c/5696216-ecrivez-votre-premier-test-unitaire-naif.html]
[openclassrooms.com/fr/courses/5641591-testez-votre-application-c/5791126-les-principes-dun-framework-de-test.html]
[openclassrooms.com/fr/courses/5641591-testez-votre-application-c/5696226-utilisez-le-framework-de-test-mstest.html]
[openclassrooms.com/fr/courses/5641591-testez-votre-application-c/5696236-decouvrez-les-assertions.html]
[openclassrooms.com/fr/courses/5641591-testez-votre-application-c/5791236-creez-un-faux-objet-pour-simuler-des-comportements.html]
[openclassrooms.com/fr/courses/5641591-testez-votre-application-c/5696246-utilisez-le-framework-de-simulacre-moq.html]
[openclassrooms.com/fr/courses/5641591-testez-votre-application-c/6777966-entrainez-vous-a-utiliser-les-tests-pour-detecter-un-probleme-dans-une-application.html]
[openclassrooms.com/fr/courses/5641591-testez-votre-application-c/exercises/3129.html]
[openclassrooms.com/fr/courses/5641591-testez-votre-application-c/5748021-mesurez-la-couverture-de-vos-tests.html]
[openclassrooms.com/fr/courses/5641591-testez-votre-application-c/5748031-testez-l-acces-a-la-base-de-donnees.html]
[openclassrooms.com/fr/courses/5641591-testez-votre-application-c/5791376-les-solutions-au-probleme-de-la-base-de-donnees.html]
[openclassrooms.com/fr/courses/5641591-testez-votre-application-c/5748041-testez-des-services-web.html]
[openclassrooms.com/fr/courses/5641591-testez-votre-application-c/exercises/3177.html]
[openclassrooms.com/fr/courses/5559091-deboguez-vos-applications-c6f1b.html]
[openclassrooms.com/fr/courses/5641591-testez-votre-application-c6f1b.html]
[openclassrooms.com/fr/courses/5641591-testez-votre-application-c6f1b.html]
